1 [货物]  货物
101 [农产品]  渔业 类 产品
10101 [农业产品]  农业 产品
1010101 [谷物]  谷物 稻谷 小麦 玉米 谷子 高粱 大麦 燕麦 黑麦 荞麦 谷物 谷物
1010102 [薯类]  薯类 马铃薯 木薯 甘薯 薯类 薯类
1010103 [油料]  花生 油菜籽 芝麻 油料 油料
1010104 [干豆]  干豆类 干豆 荚 鲜豆 蔬菜 大豆 绿豆 杂豆 豆类
1010107 [糖料]  糖料 甘蔗 甜菜 糖料
1010108 [烟草]  烟草 烟草 烟叶 烟叶 烟叶 肋烟 烟草
1010109 [饲料作物]  饲料 作物 苜蓿 饲料 饲料 牧草 饲料 作物 饲料 作物
1010111 [农副产品]  农作物 副产品 黑瓜籽 园参籽 作物 茎 秆 根 农作物 副产品
1010112 [蔬菜及食用菌]  蔬菜 食用菌 萝卜 根菜类 蔬菜 山药 薯芋 类 蔬菜 葱蒜类 蔬菜 白菜类 蔬菜 芥菜 类 蔬菜 甘蓝类 蔬菜 芹菜 叶菜类 蔬菜 瓜 类 蔬菜 番茄 茄果类 蔬菜 菜豆 豆类 蔬菜 莲藕 蔬菜 竹笋 杂类 蔬菜 香菇 食用菌 绿豆芽 芽苗 菜 蔬菜 蔬菜籽 蔬菜 食用菌 萝卜 根菜类 蔬菜 山药 薯芋 类 蔬菜 葱蒜类 蔬菜 白菜类 蔬菜 芥菜 类 蔬菜 甘蓝类 蔬菜 芹菜 叶菜类 蔬菜 瓜 类 蔬菜 番茄 茄果类 蔬菜 菜豆 豆类 蔬菜 莲藕 蔬菜 竹笋 杂类 蔬菜 香菇 食用菌 绿豆芽 芽苗菜
1010113 [花卉]  花卉 盆栽花 切花 花蕾 切叶 切枝 干燥花 花卉 盆栽花 切花 切花蕾 切叶 切枝 干燥花
1010114 [园艺产品]  盆景 园艺 产品 园艺 产品 盆栽观 叶 植物 草皮 草坪 园艺 产品 盆景 园艺 产品 盆景 园艺 产品 盆栽观 叶 植物 草皮 草坪
101011401 [园艺产品]  园艺 产品 盆栽观 叶 植物 草皮 草坪 园艺 产品 园艺 产品 盆栽观 叶 植物 草皮 草坪
1010115 [水果及坚果]  水果 坚果 水果 园林 水果 干制 水果 水果籽 坚果 水果 园林 水果 干制 水果 水果籽 坚果
101011501 [水果]  水果 园林 水果 苹果 梨 柑橘 类 水果 葡萄 香蕉 菠萝 龙眼 荔枝 枇杷 芒果 橄榄 无花果 鳄梨 番石榴 山竹果 杨桃 莲雾 火龙果 西瓜 哈密瓜 华莱士瓜 香瓜 沙 白瓜 木瓜 樱桃 枣 红果 柿子 桃 李子 石榴 杏 杨梅 草莓 桑椹 猕猴桃 沙棘 水果 水果 苹果 梨 柑橘 类 水果 葡萄 香蕉 菠萝 龙眼 荔枝 枇杷 芒果 橄榄 无花果 鳄梨 番石榴 山竹果 杨桃 莲雾 火龙果 西瓜 哈密瓜 华莱士瓜 香瓜 沙 白瓜 木瓜 樱桃 枣 红果 柿子 桃 李子 石榴 杏 杨梅 草莓 桑椹 猕猴桃 沙棘
101011503 [坚果]  坚果 坚果 炒制 坚果 煮制 坚果 坚果
1010116 [茶及饮料]  茶 饮料 原料
1010119 [种子种苗]  种子 种苗 谷物 薯类 油料 豆类 饲料 作物 蔬菜籽 花草 水果籽 种子 苗 种子 种苗 谷物 薯类 油料 豆类 饲料 作物 蔬菜籽 花草 水果籽
10102 [林业产品]  林业 产品
1010202 [林业产品]  木材 产品 木材 产品
1010203 [林业产品]  竹材 产品 竹材 产品
1010204 [林业产品]  林产品 林产品
10103 [动物及其产品]  动物 动物 产品 家畜 家禽 经济 目的 动物 动物 动物 产品 人工 鱼类 虾类 蟹类 贝类
1010301 [活牲畜]  牲畜 用途 家畜 菜畜 奶牛 役畜 菜畜 奶牛 役畜
1010302 [活家禽]  家禽 活 家禽
1010303 [畜禽产品]  畜禽 产品
101030302 [畜禽产品]  禽蛋指 鲜禽蛋 禽蛋
101030303 [畜禽产品]  蜂蜜 副产品 蜂蜜 蜂蜡 蜂王浆 蜂蜜 副产品 蜂蜜 蜂蜡 蜂王浆 蜂王 浆粉
1010304 [野生动物]  动物 禽类
10104 [海水产品]  海水 产品 海水 产品 海水 产品 海水 产品 海水 产品
10105 [淡水产品]  淡水 产品 产品 淡水 产品 产品 淡水 产品 淡水 产品
102 [矿产品]  矿产品
10201 [煤炭]  煤炭 产品 质量 标准 原煤 低质 煤 对象 原煤 产量 标准 煤炭 低热值 产品 煤炭
10202 [石油天然气开采品]  石油 天然气 产品
1020201 [原油]  原油 油井 石油 烃类 黑褐色 绿色 液态 固态 物质 地壳 地区 石油 碳氢化合物 成分 烷烃 石油 氧 氮 磷 钒 元素 溶剂 水 水 乳状液 密度 范围 质 原油 原油 质 原油 原油
1020206 [油页岩]  油页岩 高灰分 有机质 沉积岩 煤 区别 灰分 碳质 页岩 区别 含油率 油页 岩经 低温 页岩油 页岩油 原油 汽油 柴油 燃料油 油页岩 煤 矿藏
10203 [黑色金属矿石]  黑色 金属 矿石 金属 元素 性质 用途 黑色 金属 矿产 铁矿石 锰矿
10204 [有色金属矿石]  有色金属 矿石
1020401 [有色金属矿石]  有色金属 矿石
1020402 [贵金属矿石]  贵金属 矿石
1020403 [稀有稀土金属矿石]  稀土 金属 矿石
102040303 [稀土矿产品]  稀土 矿产品
1020404 [放射性金属矿石]  放射性 金属 矿石
1020499 [其他有色金属矿石]  有色金属 矿石
10205 [非金属矿石]  非金属 矿石
1020501 [非金属矿石]  石灰石 石膏 类 石灰石 石膏
1020502 [非金属矿石]  建筑 石料
1020503 [非金属矿石]  土石类
1020504 [非金属矿石]  粘土 砂 石
1020505 [非金属矿石]  化学 矿石
1020506 [原盐]  盐指 海水 层 卤水 原料 钻井 卤水 岩盐 原料 真空 盐湖 氯化钠 成分 盐产品 原盐 原料 盐加工 产品 原盐
1020511 [非金属矿石]  宝石 玉石 矿石
103 [食品类产品]  食品 饮料 烟 酒类 产品
10301 [农副食品]  农副食品 植物油 制品
1030101 [谷物细粉]  谷物 细粉
1030102 [谷物加工品]  谷物 谷物 加工品
103010201 [谷物加工品]  谷物
1030103 [薯豆加工品]  薯 豆 植物 加工品
1030104 [饲料]  饲料 宠物 食品
1030105 [植物油]  植物油 制品
103010501 [植物油]  植物油 植物 油脂 毛油 植物油 植物油 毛油
103010502 [植物油]  植物油
1030106 [糖]  糖 加工糖 副产品 甘蔗 甜菜 原料 成品 糖 原糖 砂糖 原料 精制糖 淀粉糖 糖果 淀粉 糖 糖果
1030107 [肉及肉制品]  畜禽 肉 油脂 杂碎
103010701 [肉及肉制品]  冻肉 鲜肉 肉 冻肉
1030108 [熟肉制品]  肉制品 罐头 制品
1030109 [水产加工品]  水产 加工品
1030110 [蔬菜加工品]  蔬菜 加工品 蔬菜 罐头 食品
1030111 [果类加工品]  水果 坚果 加工品
1030112 [淀粉制品]  淀粉 淀粉 制品
103011201 [淀粉制品]  淀粉
1030113 [豆制品]  豆腐 豆制品
1030114 [蛋制品]  蛋制品 蛋 材料 制品
10302 [食品]  食品 加工盐
1030201 [焙烤食品]  食品
1030202 [糖果类食品]  糖果 巧克力 蜜饯 食品
103020207 [糖果类食品]  果冻 果冻 罐头
1030203 [方便食品]  食品
1030204 [乳制品]  乳制品 牛 羊乳 原料 净乳 天然乳 制品 液体乳 生鲜乳
1030205 [罐头]  罐头
1030206 [调味品]  调味品
1030207 [发酵类制品]  发酵类 制品
1030208 [营养保健食品]  营养 保健食品
1030209 [冷冻饮品]  饮品
1030210 [加工盐]  盐指 原盐 原料 工序 碘 酸钾 调味品 盐产品
1030211 [食品添加剂]  食品 添加剂 食品 添加剂 食品 增稠剂 果胶酸盐 果胶酸酯 果胶 果胶酸盐 果胶酸酯 食品 琼脂 食品 植物 胶液 食品 明胶 食品 卡拉胶 食品 阿拉伯胶 食品 黄原胶 食品 汉生胶 蛋白质 添加剂 蛋白质 蛋白 物质 食品 甜味 添加剂 食品 糖醇 食品 山梨醇 食品 甘露 糖醇 食品 丙三醇 食品 木糖醇 食品 麦芽糖醇 甜味剂 甜味剂 食品 糖精 钠 食品 环己 基氨 基磺 酸钠 食品 冬酰苯丙氨酸 甲酯
1030212 [食品用原料]  食品 原料
10303 [饮料及酒]  饮料 酒 酒精
1030301 [酒精]  酒精
1030303 [酒]  啤酒 麦芽 水 原料 啤酒花 酒花 制品 酵母 二氧化碳 低酒 精度 发酵酒
1030307 [软饮料]  软饮料 定量 水 乙醇 酒精 含量 质量 分数 制品 液体乳
1030308 [茶]  精制茶 茶制品
1030309 [饮料酒精原辅料]  饮料 酒 酒精 原辅料
10304 [烟草制品]  烟草 制品 烟叶 原料 产品
1030401 [烟草制品]  烟叶 烤烟 含水率 烟叶
1030402 [烟草制品]  卷烟 烟叶 烟丝 卷烟纸 烟丝卷 人们 方式 烟草 制品
1030403 [烟草制品]  雪茄 烟草 茄芯 烟草 烟草 成分 材料 茄衣 卷制 烟草 香味 特征 烟草 制品
104 [纺织服装皮革产品]  纺织 服装 皮革 类 产品
10401 [纺织产品]  纺织 产品
1040101 [纺织产品]  棉 化纤 产品
1040102 [纺织产品]  毛纺织 产品 毛条 毛纱 绒线 毛机 织物 呢绒 羊毛 织物 动物 细毛 织物 产品
1040103 [纺织产品]  麻 纺织品 麻纤维 原料 麻纱线 亚麻布 苎麻布 苎麻 印染布
1040104 [纺织产品]  丝绢 纺织 精加工 产品
1040105 [纺织产品]  床 织物 制品 床褥 单 面 枕套 床罩 毯子 寝具 用品 毛巾 被 枕巾 床 制品 床褥 面 枕套 床罩 毯子 寝具 寝具 填充物 毛巾 被 枕巾
1040106 [纺织产品]  织物 制品 餐桌 厨房 织物 制品 织物 制品 地毯 挂毯 台布 桌布 毛巾 餐桌 厨房 织物 制品 台布 桌布 毛巾 餐桌 织物 制品 厨房 织物 制品
1040107 [纺织产品]  毡 织物 制品 毡 织物 制品 毡 织物 制品
1040108 [纺织产品]  油 苫布 天篷 遮阳篷 品 油 苫布 天篷 遮阳篷 帐篷 篷房 风帆 褥垫 织物 制品 伞 旗帜 品
1040109 [纺织产品]  纤维 纺制线 绳 缆 纤维 制绳 缆 网类 制品 绳索具 绳梯类 制品 纤维 制绳 缆 网类 制品 绳索具 绳梯类 制品
1040110 [纺织产品]  纺织物 帘子布 纺织 材料制 塑料 纺织物 涂胶 淀粉 纺织物 焦油 蜡 沥青 产品 纺织物 纺织物 机织物 帘子布 纺织 材料制 塑料 纺织物 纺织物 淀粉 纺织物 焦油 纺织物 纺织物 沥青 纺织物 纺织物 机织物
1040111 [纺织产品]  无纺布 制品 无纺布 无纺织物 无纺织物 制品
1040112 [纺织产品]  编织物 针织物 编织物 起绒 织物 起绒 织物 针织钩 物 坯布 织物 纬 物
1040113 [纺织产品]  制品 床罩 床罩 床 制品 床 制品 台布 台布 餐桌 制品 餐桌 制品 窗帘 窗帘 针织袜 手套
1040114 [纺织产品]  围巾 领带 手帕 围巾 类 领带 手帕 围巾 类 领带 手帕
1040199 [纺织产品]  纺织 产品 材料制 织物 制品 纺织 材料 絮胎 制品 纺织 材料制 标签 徽章 类似品 编带 装饰 类似品 网眼 纱 网眼 织物 图案 花边 技术 用途 纺织品 材料 絮胎 纺织 材料制 标签 徽章 编带 装饰带 网眼 纱 网眼 织物 图案 花边 技术 用途 纺织品
10402 [服装鞋帽]  服装 鞋 帽
1040201 [服装]  服装 服装 服装 皮革 服装 毛皮 服装 附件
1040202 [服装]  皮革 服装
1040203 [服装]  毛皮 服装 附件
1040204 [鞋]  鞋
1040205 [帽子]  帽子 附件
10403 [皮革毛皮制品]  皮革 毛皮 制品
1040302 [皮革毛皮制品]  成品革
1040303 [皮革毛皮制品]  箱 包 容器 东西 包. 衣箱 提箱 容器 手提包 袋 背包 皮革 作面 箱 包容器 塑料 作面 箱 包容器 纺织 材料 作面 箱 包容器 箱 包 容器 高尔夫球包 。衣箱 提箱 手提包 手提袋 背包 皮革 作面 箱包 塑料 作面 箱包 纺织 材料 作面 箱包
1040304 [皮革毛皮制品]  皮手套 皮革 附件 皮革 手套 毛皮 手套 皮革 附件 手套 用具
1040305 [皮革毛皮制品]  钱包 座套 皮革 制品
1040306 [皮革毛皮制品]  毛皮 毛皮 制品 毛皮 服装
1040307 [皮革毛皮制品]  羽毛 绒
105 [木制品]  木制品 家具 类 产品
10501 [木制品]  木材 及木 竹 藤 棕 草制品
1050101 [木制品]  锯材 倒木 剥皮 原木 原条 规格
1050102 [木制品]  木片 木粒 产品
1050103 [木制品]  人造板
1050104 [木制品]  工材 板材
1050105 [木制品]  建筑 木料 木材 组件
105010504 [木制品]  地板 实木 木地板 木地板
1050106 [木制品]  木容器
1050107 [木制品]  软木 软木 制品
1050108 [木制品]  餐具 木制品
1050109 [竹制品]  竹制品
1050110 [棕藤草制品]  棕 藤 制品 棕 藤 草 柳条 苇 制品
10502 [家具及配件]  家具 配件
1050201 [家具]  家具
1050202 [家具配件]  家具 配件
106 [纸印刷品文教产品]  纸 印刷品 软件 工艺品 类 产品
10601 [纸制品]  纸 纸制品
1060101 [纸制品]  纸浆 原生浆 废纸浆 木浆 木材 纤维 纸浆 苇 荻 浆 竹浆 蔗渣 浆 麦草浆 稻草浆 禾草浆 麻浆 棉短绒 纸浆 废纸 纸浆 纸浆 化学 溶解浆 纸浆 纺织 化学 浆粕
1060102 [纸制品]  机制 纸 纸板 用纸 类 纸 纸 原纸 纸 纸板 感应纸 纸板 纤维 类 过滤纸 纸板 机制 纸 纸板 原纸 机制 纸 纸板
1060103 [纸制品]  纸指 原纸 纸板 成品 纸 纸 美纹 孔纸 纸板 印纸 蜡纸 版纸 覆盖纸 瓦楞 纸板 纸
1060104 [纸制品]  手工 制纸 纸板 手工纸 手工 纸板
1060105 [纸制品]  纸制品 纸 纸板 原料 纸 制品 纸 纸板 容器 纸制 文具 用品 纸浆 模制品 成卷 纸 原纸 原料 纸制品 纸制 壁纸 窗纸 地 制品 品 纸浆 制滤块 滤板 滤片 纸 纸板制 标签 纸制 筒管 卷轴 纡子 品 神纸 用品 纸扇 纸制品
10602 [印刷品]  印刷品 媒介 复制品 印刷品 本册 附件 磁介质 复制品 复制品
1060201 [印刷品]  印刷品 图书 报纸 期刊 广告 印刷品 邮政 部门 报刊 邮册 邮品
106020101 [印刷品]  刊号 图书 报纸 期刊 类 印刷品 多色 图书 书籍 词典 读物 绘本 丛书
1060202 [印刷品]  本册
1060204 [磁介质复制品]  磁介质 复制品 录音带 录像 软磁盘 复制品 录音带 录像 软磁盘
1060205 [非磁介质复制品]  复制品
10603 [软件电子出版物]  软件 电子 出版物
1060301 [软件]  软件 产品 基础 软件 软件 嵌入式 软件 软件
106030101 [软件]  基础 软件 产品 基础 软件
106030102 [软件]  软件 产品 软件
106030103 [软件]  嵌入式 软件 产品
10604 [文教体育用品]  体育 用品
1060401 [文具]  文具 用品
1060402 [文具]  笔 零件
106040201 [文具]  笔
1060403 [教具]  教具 用具
1060404 [墨水]  墨水
1060405 [墨水]  墨汁 品
1060406 [体育用品]  体育 用品
106040602 [体育用品]  球类 器材 器械
1060407 [乐器]  乐器 乐器 用品 零件
1060408 [玩具]  玩具
1060409 [游乐场设备]  游乐场 设备 露天 场所 设备
1060410 [游艺器材]  游艺 用品 游艺 器材 电子游戏机 游戏机 台球 器材 配件 保龄球 设备 器材 沙狐球桌 器材 足球 器材 配件 飞镖 器材 配件 棋类 用品 牌类 用品 游戏 家具式 桌子 游艺 用品 游艺 器材 游艺 用品 游艺 器材 电子游戏机 游戏机 台球 保龄球 设备 保龄球 器材 沙狐球桌 沙狐球 器材 足球 器材 足球 配件 飞镖 器材 飞镖 配件 棋 牌
10605 [工艺品]  工艺品 产品 雕塑 工艺品 金属 工艺品 漆器 工艺品 花画 工艺品 植物 纤维 纤维 工艺品 刺绣 工艺品 地毯 挂毯 类 工艺品 珠宝 首饰 物品 剧装 道具 工艺美术品 保健 用品 杂品 宠物 用品 产品
1060501 [工艺品]  雕塑 工艺品 石材 动物 牙 角 骨 硬质 材料 木 竹 果壳 核 植物 材料 石膏 泥 面 塑料 塑性 材料 原料 经雕 艺术 工艺品 工艺品 工艺品 雕塑 工艺品 牌类 用品 雕塑
1060502 [工艺品]  金属 工艺品 金 银 铁 铜 锡 金属 原料 錾刻 丝 纺织 点蓝 电镀 工艺 造型 花纹 图案 工艺品 金属 工艺品
1060503 [工艺品]  漆器 工艺品 半生漆 腰果 漆 漆料 木 纸 塑料 铜 布 皮 作胎 雕 彩画 传统 工艺 漆器 工艺 工艺品 漆器 家具
1060504 [工艺品]  花画 工艺品 绢 丝 绒 纸 涤纶 塑料 羽毛 通草 鲜花草 植物 叶 花 果实 盆景 人造花类 工艺品 画面 欣赏性 装饰性 画类 工艺品
1060505 [工艺品]  植物 纤维 纤维 工艺品 竹 藤 棕 草 柳 葵 植物 纤维 纤维 材料 造型 艺术 图案 花纹 工艺 陈列品 工艺品 植物 纤维 工艺品 纤维 工艺品
1060506 [工艺品]  纱 刺绣 工艺品 指以棉 麻 丝 纤维 纺织品 原料 刺绣 钩 手工 工艺 机制 方法 效果 纺织 工艺品
1060507 [工艺品]  地毯 挂毯 类 工艺品 羊毛 丝 棉 纤维 原料 机织 栽绒 方式 装饰性 地面 覆盖物 用途 装饰 用品 地毯 挂毯
1060508 [工艺品]  陈设 艺术 陶瓷 制品 陈设 艺术 陶瓷 制品 工艺 陶瓷 制品 陶瓷 壁画 陈设 艺术 陶瓷 制品 陈设 艺术 陶瓷 工艺 陶瓷 制品 陶瓷 壁画
1060509 [珠宝首饰]  珠宝 首饰 珠宝 首饰 珠宝 首饰
106050902 [珠宝首饰]  珠宝 玉石 钻石 珍珠 松石 青金石 欧泊石 橄榄石 长石 .玉 石英 玉髓 石榴石 锆石 尖晶石 黄玉 金绿玉 绿柱石 琥珀 珊瑚 煤玉 龟甲 合成刚玉 宝石 双合石 玻璃 制品
1060510 [工艺品]  剧装 道具 工艺美术品 剧装 道具 发制品 原料 民间 工艺品 工艺扇 工艺 伞 灯彩 料器 美术 人形 庆典 用品 娱乐 用品
106051002 [工艺品]  发制品 原料
1060511 [保健休闲用品]  保健 用品 桑拿 浴箱 活动机 熏蒸足道机 桑拿 蒸汽机 美体 美容仪 疗枕 塑身机 制氧机 水氧 水疗机 气泡 按摩机 精油 温灸仪 高温竹炭 制品 保健 用品
1060512 [日用杂品]  杂品 镜子 类 制品 零配件 刷子 类 制品 刷类 制品 材料 工具 材料 伞 手杖 鞭子 马鞭 零件 拉链 零件 类 制品 零件 打火机 零件 烟具 头发 物品 香水 喷射器 粉扑 粉拍 礼仪 电子 用品 棉胎 杂品
1060513 [宠物用品]  宠物 用品
107 [石化医药产品]  石油 化工 医药 产品
10701 [石油加工炼焦]  石油 核燃料
1070101 [石油制品]  石油 制品 煤 页岩油 原料 原料 成品油
107010101 [石油制品]  汽油 原油 原料 辛烷值 汽油 发动机 燃料 轻质油 铅 汽油 铅 含量 汽油 汽油 车 汽油 航空 汽油 汽油 汽油组 甲醇 汽油 乙醇 汽油 汽油 范围 汽油
107010102 [石油制品]  煤油 航空 煤油 煤油 煤油
107010111 [石油制品]  石油气 烃类气 石油气
1070102 [人造能源]  能源 产品
107010202 [人造能源]  生物 能源 动物 植物 生物质 原料 石油 能源
107010203 [合成液体燃料]  液体 燃料 乙醇 汽油 甲醇 汽油 液体 燃料 液体 燃料
1070103 [焦炭产品]  焦炭 副产品
10702 [化学原料及制品]  化学 原料 化学 制品
1070201 [无机化学原料]  基础化学 原料
107020101 [无机化学原料]  酸类
107020102 [无机化学原料]  非金属 氧化物 硼氧化物 硫氧化物 硅氧化物 硒氧化物 磷氧化物 砷氧化物 氧化氘 非金属 氧化物 氧化硼 二氧化硫 三氧化硫 二氧化硅 二氧化硒 硒化氢 亚硒酸 磷 五氧化二砷 氧化氘
1070202 [有机化学原料]  原料
107020201 [有机化学原料]  甲烷 乙烷 丙烷 丁烷 戊烷 己烷 异辛烷 乙烯 丙烯 丁烯 异丁烯 丁二烯 丙二烯 异戊二烯 甲基 丁二烯 异戊烯 双戊烯 乙炔 醋酸 乙炔
107020202 [有机化学原料]  环烃 环烷烃 环烯 环萜烯 芳香烃
10702020201 [有机化学原料]  芳香烃 粗苯 纯苯 粗甲苯 甲苯 粗二甲苯 邻二甲苯 间二甲苯 对二甲苯 混合二甲苯 苯乙烯 乙苯 乙基苯 异丙基苯 联苯 三甲苯 重质 苯 二乙苯 甲基 苯乙烯 二乙烯 苯 烷基苯 重烷 基苯 甲基萘 二甲基萘 氢 萘 萘 烷 基苯 粗蒽 精蒽 芳香烃 芳香烃 粗苯 纯苯 粗甲苯 甲苯 粗二甲苯 邻二甲苯 间二甲苯 对二甲苯 混合二甲苯 苯乙烯 乙苯 乙基苯 异丙基苯 联苯 三甲苯 重质 苯 二乙苯 甲基 苯乙烯 二乙烯 苯 烷基苯 重烷 基苯 甲基萘 二甲基萘 氢 萘 萘 烷 基苯 粗蒽 精蒽
1070203 [基础化学品]  贵金属 化合物 基础 化学品 贵金属 化合物 －无机 化合物 基础 化学品
107020301 [基础化学品]  活性炭 硫磺 磷
107020304 [稀土化合物]  稀土化合物 稀土金属 钇 钪 混合物 化合物
10702030401 [稀土化合物]  稀土 稀土
10702030402 [稀土化合物]  稀土 电解 稀土金属 稀土 合金 稀土 元素 原料 催化剂 助催化剂 稀土 原料 稀土 稀土
10702030403 [稀土化合物]  稀土
10702030404 [稀土化合物]  碳酸 稀土 碳酸 稀土 稀土 碳酸盐 混合物 稀土 产品 碳酸铈 碳酸 稀土 碳酸 稀土 碳酸铈 碳酸 稀土 碳酸 稀土
10702030405 [稀土化合物]  硝酸稀土 硝酸铈 硝酸稀土 化合物 硝酸铈 硝酸铈铵 硝酸稀土 化合物
10702030406 [稀土化合物]  醋酸 稀土 醋酸 稀土
10702030407 [稀土化合物]  草酸 稀土 草酸 稀土
10702030408 [稀土化合物]  稀土 稀土
10702030499 [稀土化合物]  稀土 化合物
1070204 [肥料]  化肥 化学 机械 化肥 范围 化学 氮肥 磷肥 钾肥 复合肥料 肥 肥
1070205 [肥料]  微生物 肥料 微生物 肥料 动物 植物 肥料
1070206 [农药]  化学 农药 化学 农药 原药 化学 农药 制剂 化学 农药 药 化学 农药 制剂
1070207 [农药]  生物 农药 微生物 农药 生物 农药 制剂 微生物 农药
1070208 [涂料]  涂料 油料 树脂 颜料 溶剂 催干剂 辅料 产品 质量 标准 材料 涂料 油漆 成膜 物质 水性 涂料 涂料 用途 工业 涂料 建筑 涂料 涂料 材料 涂料
1070209 [油墨]  油墨 产品 油墨 用助剂 油
1070210 [颜料]  颜料 化学 结构 颜料 颜料
1070211 [染料]  染料 类 染料 发光体 产品
1070212 [密封用填料]  填料 品 材料 定形 材料 粘胶品 材料 定形 材料 粘胶品
1070213 [化学合成材料]  化学 材料 材料 材料 物质 化学 方法 作用 材料 特质 原料 塑料 玻璃 钢铁 材料 材料
107021301 [化学合成材料]  形态 塑料 塑料 树脂 聚物 树脂 成分 材料 填料 增塑剂 颜料 稳定剂 树脂 树脂 丙烯 聚酯 树脂 聚乙烯 树脂 醋酸 纤维素 塑料 密度 聚乙烯 树脂 酚醛 环氧 树脂 酚醛 塑料 树脂 密度 聚乙烯 树脂 硅橡胶 氯乙烯 树脂 环氧 树脂 聚苯硫醚 树脂 聚苯醚 聚苯乙烯 树脂 聚丙烯 树脂 聚丙烯酸 甲酯 聚丁二烯 树脂 树脂 聚氟 乙烯 聚甲基丙烯酸 甲酯 玻璃 聚甲醛 树脂 聚氯乙烯 树脂 树脂 聚醚醚酮 树脂 氟 氯乙烯 聚四氟 乙烯 聚碳酸酯 聚酰胺 树脂 聚酰亚胺 聚乙醛 聚异丁烯 糠酮 树脂 硫尿 树脂 聚丙烯 聚乙烯 树脂 氯乙烯 乙酸乙烯 聚物 蜜胺 树脂 模具 硫化硅橡胶 尿素 树脂 氯乙烯 聚合物 硅橡胶 石油 树脂 室 温硫化硅橡胶 双酚 型 环氧 树脂 碳素 纤维素 树脂 线型 密度 聚乙烯 树脂 线性 硝酸纤维素 树脂 乙烯 醋酸 乙烯 密度 聚乙烯 树脂 聚醚
1070214 [化学试剂助剂]  化学 试剂 助剂 化学 试剂 催化剂 橡胶 助剂 塑料 助剂 农药 乳化剂 工业 整理剂 助剂 工业 整理剂 助剂 工业 整理剂 助剂 润滑剂 制品 用助剂 建材 化学助剂 生物 化学 制剂 增炭剂 脱硫剂 石墨 增碳剂 栲胶
1070215 [专项化学用品]  化学 用品
1070216 [林产化学产品]  林产化学 产品
1070217 [炸药烟火]  炸药 烟火 火工 产品
107021706 [炸药烟火]  焰火 制品 烟花 爆竹 火炬 烟花 爆竹
1070218 [信息化学品]  信息 化学品 电影 幻灯 投影 材料 套药 磁 光 材料 光纤维 通讯 材料 化学 制剂
1070219 [环境污染处理剂]  环境 药剂 材料
1070220 [动物炭黑等]  动物 炭 动物胶 衍生物 动物 炭 动物胶 衍生物
1070221 [焊接用制品]  制品
1070222 [洗涤剂]  肥皂 洗涤剂 产品 水溶液 方式 肌肤 器皿 织物 污 除菌 功能 产品 中间体 表面 活性剂
1070223 [美容护肤品]  护肤 产品 人体 表面 护肤 护发 化妆品
1070224 [口腔清洁护理品]  口腔 用品 个人 口腔 用品
1070226 [香精]  香精 香料 香料 原料 辅料 香气 香味 作用 混合物 香精 食品 方法 食品 原料 食品组 产物 香料 香料 辅料 香气 香味 混合物 咸味 食品 香精
1070299 [其他化学制品]  化学 制品
10703 [医药]  医药
1070301 [化学药品原药]  化学药品 药指 企业 化学 药物
1070302 [化学药品制剂]  化学药品 制剂 人体 疾病 方面 化学 药品 制剂 方法 原料药 制剂 物质 单体 制剂 拆分 方法 药物 光学 异构体 制剂
1070303 [中药饮片]  中药 饮片 制剂 需要 产地 净药材 炮炙 成品 中药 饮片 中药材
1070304 [中成药]  中成药 中医药 理论 中药材 原料 处方 工艺 质量 标准 制剂
1070305 [兽用药品]  兽 药品 动物 机体 功能 动物 疾病 方面 药物 宠物 类 动物 药品
1070306 [生物化学药品]  生物 化学 药品 生物学 医学 生物 化学 成果 物理学 化学 生物 化学 生物 技术 药学 学科 原理 方法 生物体 生物 组织 细胞 体液 国家 药品
1070307 [生物化学制品]  生物 化学 制品 微生物 细胞 动物 人 源 体液 原料 传统 技术 生物 技术 人类 疾病 制品 生物 化学 药品
107030707 [生物化学制品]  血液 制品 人 血浆 人 血浆 技术 血浆 蛋白 组分 血液 细胞 成分 血液 制品 球蛋白 白蛋白 血液 制品 制剂 血液 制品 球蛋白 白蛋白 人血丙种球蛋白 人 胎 丙种球蛋白 人 胎 丙种球蛋白 组织胺 丙种球蛋白 胺 丙种球蛋白 高效价 球蛋白 人 胸腺球 蛋白 人 淋巴 细胞球 蛋白 人 蛋白 人血白 蛋白 人血白 蛋白 人 胎 蛋白 人 蛋白 人 血友病 球 蛋白 人 纤维 蛋白原 人 血甲 巨球 蛋白 血液 制品 制剂 血浆 蛋白 溶液 人血蛋白 人 血浆 绿脓杆 菌 人 血浆 人 红细胞 水解 蛋白 注射液 人血丙种球蛋白 静脉 注射液 人胎盘 组织液 人胎盘 浆 人脐带 浆 人 胎 蛋白 注射剂 人胎 蛋白 冻干粉 针剂 人血白 蛋白 注射液 静脉 球蛋白 冻干人 乙型 肝炎 球蛋白 人 破伤风 球蛋白 人 狂犬病 球蛋白 组织 人 球蛋白 人 酶 复合物
1070308 [医用材料]  材料 填料 纱布 绷带 物品
10704 [化学纤维]  人工 高分子 物质 原料 化学 物理 方法 纤维
1070401 [化学纤维]  浆粕 纤维 原料 棉浆粕 木浆粕 浆粕
1070402 [化学纤维]  纤维 纤维素 纤维 高分子 化合物 纤维素 原料 化学 纤维 粘胶 纤维 醋酯 纤维
1070403 [化学纤维]  人工 高分子 化合物 原料 化学 纤维 聚酯纤维 聚酰胺 纤维 腈 纤维
1070404 [化学纤维]  丝指 纤维 热定形 卷 制成丝
10705 [橡胶制品]  橡胶 制品 合成橡胶 原料 成品 总称 高弹性 性能 橡胶 橡胶 制品
1070501 [橡胶制品]  橡胶 轮胎 内胎 汽车 拖拉机 自行车 交通 工具 轮子 环形 橡胶 制品 外胎 车胎 轮带
1070504 [橡胶制品]  纺织物 胶浆 纺织物
1070505 [橡胶制品]  橡胶 制品 生胶 橡胶 制品
1070506 [橡胶制品]  橡胶 零件 附件
1070507 [橡胶制品]  橡胶 化学 机械 方法 橡胶 制品 废料 橡胶 再生胶
1070508 [橡胶制品]  橡胶 制品 橡胶 制品 橡胶 制品 橡胶 制品 医院 疾病 人体 器官 组织 标准 橡胶 制品
1070509 [橡胶制品]  橡胶 制品 橡胶 制品 功能 橡胶 制品
1070510 [橡胶制品]  硬质橡胶 制品 温度 室温 橡胶 硬质 橡胶
10706 [塑料制品]  塑料 制品 半成品 辅料 树脂 过程 单体 成分 增塑剂 填充剂 润滑剂 着色剂 添加剂 成分 过程 材料
1070601 [塑料制品]  塑料 制品 塑料 原料 用品 工业 用品 塑料 制品 塑料 制品
107060101 [塑料制品]  塑料 薄膜 泡沫 塑料 薄膜 聚乙烯 塑料 薄膜 聚丙烯 塑料 薄膜 聚丙烯酸 酯类 塑料 薄膜 聚苯乙烯 塑料 薄膜 聚酯 塑料 薄膜 纤维 生物 塑料 薄膜 聚酰胺 塑料 薄膜 离子 交换膜 薄膜 泡沫 塑料膜 塑料 薄膜 塑料 薄膜 聚乙烯 塑料 薄膜 聚乙烯 塑料 电池 隔膜 聚乙烯 塑料 包装 薄膜 聚乙烯 塑料 薄膜 聚乙烯 塑料 土工膜 聚丙烯 塑料 薄膜 聚丙烯 塑料 电池 隔膜 聚丙烯 塑料 薄膜 聚丙烯酸 酯类 塑料 薄膜 聚甲基丙烯酸 甲酯 塑料 薄膜 聚苯乙烯 塑料 薄膜 聚苯乙烯 塑料 薄膜 聚氯乙烯 塑料 薄膜 聚酯 塑料 薄膜 塑料 薄膜 塑料 薄膜 聚酯 塑料 薄膜 纤维 生物 塑料 薄膜 钢纸制 塑料 薄膜 醋酸 纤维素 塑料 薄膜 聚乙烯 丁醛 塑料 薄膜 聚酰胺 塑料 薄膜 聚酰胺 塑料 薄膜 聚酰亚胺 塑料 薄膜 氨基 树脂 塑料 薄膜 酚醛 树脂 塑料 薄膜 聚四氟 乙烯 薄膜 塑料 薄膜 离子 膜 异相 阴离子 膜 离子 交换膜 薄膜 塑 薄膜 薄膜 薄膜
1070602 [塑料制品]  塑料 半成品 辅料 塑料 粒料 塑料 半成品 辅料
1070603 [塑料制品]  纤维 塑料 制品 纤维 玻璃 纤维 碳纤维 芳纶纤维 纤维 制品 材料 树脂 基体 复合材料 建筑 石油 化工 交通 能源 电力 航空 航天 领域
108 [金属及非金属制品]  金属 非金属 制品
10801 [非金属矿物制品]  非金属 矿物 制品
1080101 [非金属矿物制品]  水泥 熟料 水泥
1080102 [非金属矿物制品]  石灰 石膏
1080103 [非金属矿物制品]  水泥 混凝土 制品 水泥 混凝土 制品
1080104 [非金属矿物制品]  轻质 材料 制品 指石 膏板 石膏 制品 轻质 建筑 材料
108010401 [非金属矿物制品]  石膏板 纸面 石膏板 石膏 条板 石膏板
108010403 [非金属矿物制品]  质 墙 条板
1080105 [非金属矿物制品]  砖瓦 建筑 砌块 粘土 原材料 砖 瓦 砌块
108010501 [非金属矿物制品]  砖 粘土砖 蒸压砖 蒸养砖 灰砂砖 免烧砖
108010503 [非金属矿物制品]  建筑 块 墙体 砌块 尺寸 砖 建筑 墙体 混凝土 砌块 水工 市政 混凝土 砌块 硅酸盐 制品 块材 石膏 块
1080106 [非金属矿物制品]  建筑 陶瓷 制品
1080107 [非金属矿物制品]  石材 石料 加工品 制品
1080108 [非金属矿物制品]  建筑 卷材 制品
1080109 [非金属矿物制品]  矿物 材料 制品
1080110 [非金属矿物制品]  玻璃
108011002 [非金属矿物制品]  玻璃 石英 玻璃 制品 石英 玻璃 光栅 玻璃 微晶 玻璃 型 玻璃 电子 工业 玻璃 太阳能 工业 玻璃 石英 玻璃 石英 玻璃 光栅 玻璃 微晶 玻璃 电子 工业 玻璃 太阳能 工业 玻璃 光纤 石英棒 光纤 石英管 光纤 石英 半导体 太阳能 石英 材料 太阳能 石英 半导体 太阳能 石英 坩埚 石英 玻璃 制品 石英 纤维 石英 纤维 制品
1080111 [非金属矿物制品]  玻璃制 光学元件
1080112 [非金属矿物制品]  玻璃 仪器 实验 医疗 玻璃 器皿
1080114 [非金属矿物制品]  玻璃 制品 餐桌 厨房 盥洗室 办公室 装饰 用途 玻璃 制品
1080115 [非金属矿物制品]  玻璃 容器 玻璃胆
1080120 [非金属矿物制品]  技术 陶瓷 制品 技术 陶瓷 制品 陶瓷 结构 陶瓷 功能 陶瓷 生物 陶瓷
1080121 [非金属矿物制品]  陶瓷 制品 陶瓷 餐具 厨房 陶瓷 器具 陶瓷 器具 陶瓷 制品 园林 艺术 陶瓷 制品 陶瓷 制品
1080122 [非金属矿物制品]  盛装 货物 陶瓷 容器 陶瓷 容器 食品 陶瓷 容器 药品 化妆品 陶瓷 容器 盛装 货物 陶瓷 容器
1080124 [非金属矿物制品]  石棉 纤维 制品 石棉 纤维 石棉 制品
1080125 [非金属矿物制品]  云母 制品 形 云母 云母 纸浆 云母 产品 材料 制品
1080127 [非金属矿物制品]  石墨 炭素 制品 石油焦 石墨 煤沥青 炭 元素 基材 原料 工艺 制成品
108012701 [非金属矿物制品]  石墨 制品
1080128 [非金属矿物制品]  磨具 工具
1080129 [非金属矿物制品]  磨料 料 磨料 材料
1080130 [非金属矿物制品]  沥青 泥炭 沥青 混合物 泥炭 制品
1080199 [非金属矿物制品]  非金属 矿物 制品
10802 [黑色金属冶炼压延品]  黑色 金属 产品
1080204 [黑色金属冶炼压延品]  铁管 附件 铁管 铸铁 直管 铸铁 空心异型管 铁管 附件 铁管 铸铁 直管 铸铁 空心异型管 铁管 附件
1080207 [黑色金属冶炼压延品]  钢材 铁道 钢材 型钢 型钢 棒材 钢筋 线材 盘条 钢板 薄板 薄板 钢带 板带 无缝钢管 钢管 钢材 铁道 钢材 型钢 型钢 棒材 钢筋 线材 盘条 钢板 薄板 薄板 钢带 板带 无缝钢管 钢管
10803 [有色金属冶炼压延品]  有色金属 产品 有色金属 镉 有色金属 贵金属 稀土金属 碱金属 碱土金属 有色金属 合金
1080302 [有色金属冶炼压延品]  铅锌 铅 锌
1080306 [有色金属冶炼压延品]  铝 氧化铝 铝 铝氧化铝 铝 铝
1080310 [有色金属冶炼压延品]  镉 有色金属 镉 铋 钴 有色金属
1080311 [贵金属]  贵金属 黄金 白银 铂 钯 铑 铱 锇 钌 贵金属 黄金 白银 铂 钯 铑 铱 锇 钌
108031101 [黄金]  黄金 矿山 成品 产金 金锭 产品 金 含金 黄金 矿山 成品 金 金 金矿料 金 色料 副产金 再生金
1080312 [稀有稀土金属]  稀土 金属 稀有金属 稀土金属 稀土金属 稀土 金属
108031201 [稀有金属]  稀有金属 钨 钼 钽 铌 锆 铍 金属 铍 铊 金属 铊 镓 铪 铟 铼 金属 铼 稀有金属
108031202 [稀土金属]  稀土 金属 熔盐 金属热 火法 工艺 稀土 金属 产品 稀土 金属 铈组 轻金属 镧 铈 镨 钕 钷 钐 铕 钇组 重金属 钆 铽 镝 钬 铒 铥 镱 镥 钇 钪 另类 稀土 金属 本类 稀土金属 稀土 金属 含量 ≥ 稀土 金属
108031203 [稀土金属]  稀土 金属 稀土金属 稀土 金属 含量 稀土 金属
1080313 [碱及碱土金属]  碱金属 碱土 金属 碱金属 碱土 金属
108031301 [碱及碱土金属]  碱 金属 钠 锂 钾 铷 铯 碱金属
108031302 [碱及碱土金属]  碱土 金属 钙 锶 钡 碱金属 碱土 金属 碱土 金属
1080314 [有色金属合金]  有色金属 合金 有色金属 产品 有色金属 合金
108031401 [有色金属合金]  有色金属 合金 铜合金 铅合金 锌合金 镍合金 铝合金 锡 合金 镁 合金 钛合金 铋合金 镉合金 钴合金 有色金属 合金 有色金属 合金
108031403 [有色金属合金]  稀土金属 合金 稀有金属 合金 稀土金属 合金 稀土金属 合金
108031404 [有色金属合金]  贵金属 合金 贵金属 合金
1080315 [有色金属压延材]  铜压 工材 铜材 铜 盘条 电工 铜线坯 铜粉 片状 粉末
1080316 [有色金属压延材]  铝压 工材 铝材 铝盘 电工 铝杆 铝粉 片状 粉末
1080317 [有色金属压延材]  铅压 工材 铅材 铅粉 片状 粉末
1080318 [有色金属压延材]  锌压 工材 锌 锌 合金 加工材
1080319 [有色金属压延材]  镍压 工材 镍 镍合金 加工材
1080320 [有色金属压延材]  工材 锡 锡合金 加工材
1080321 [有色金属压延材]  镁 钛 有色金属 加工材 镁材 钛材 镉材 锑材 铋材
1080322 [贵金属加工材]  贵金属 工材 加工材 银材 铂 加工材 钯材 加工材 铱 加工材 加工材 加工材 金属 加工材
1080323 [包覆贵金属金属材料]  贵金属 金属 材料 包金 金属 材料 金属 材料 金属 材料
1080324 [稀有稀土金属压延材]  稀土 金属 工材 钨 加工材 钼 加工材 钽 加工材 加工材 铌 加工材 加工材 加工材 加工材 加工材 钴 加工材 加工材 加工材 锗 加工材 钒 工材 稀土 金属 加工材
10804 [金属制品]  金属 制品
1080401 [金属制品]  金属 结构 钢 结构 产品 锌制 建筑 结构体 部件 建筑物 房屋
1080402 [金属制品]  金属 门窗 制品
1080403 [金属制品]  金属 工具 金属 机床 刀具 工具 系统 机器 刀具 刀片 金属 机床 刀具 金属 机床 刀片 刀片 陶瓷 刀片 金属 陶瓷 刀片 硼刀片 金刚石 刀片 车削 工具 工具 铣刀 铣刀 整体 铣刀 速钢 铣刀 孔 刀具 钢 钻头 整体 硬质合金 钻头 硬质合金 钻头 金刚石 钻头 镗刀 铰刀 螺纹 刀具 丝锥 手 丝锥 板牙 刀具 齿轮 刀具 滚刀 插齿刀 剃齿刀 刀具 金属 金属 锯 金刚石 机用 成形 刀具 工具 系统 车削 工具 系统 工具 系统 机器 刀具 机器 刀片 金工 机械 刀具 金工 机械 刀片 木工 机械 刀具 木工 机械 刀片 厨房 器具 食品 工业 机器 刀具 食品 工业 机器 刀片 农业 园艺 林业 机器 刀具 农业 园艺 林业 机器 刀片 刀具 纸 刀片 纺织品 刀具 纺织品 刀片 塑料 机器 刀具 塑料 机器 刀片 烟叶 切丝机 刀具 烟叶 切丝机 刀片 皮革 机器 刀具 皮革 机器 刀片
1080404 [金属制品]  手工具 手工锯 工具 钳子 工具 扳手 扳钳 锤子 螺丝刀 钻孔 工具 切管器 手工 工具 白铁剪 工具 手工 工具 手工具 部件 手工具
1080405 [金属制品]  畜牧 金属 工具 金属 手工具 林业 园艺 工具 畜牧 手工具 锹 叉 镐 锄 斧子 钩刀 刀 镰刀 秣刀 林业 器类 工具 种植器 播种器 点播器 泥铲 移植器 摘果器 园艺 刀 手工具 单手 剪刀 双手 剪刀 工具 楔子 木钩 木钳 木镐 畜牧 剪刀 马鬃剪 马蹄剪 羊毛剪 羊毛 抓子 动物 标记钳 牛梳 马梳 猪刮子
1080407 [金属制品]  刀 剪 金属 工具 剪刀 类似品 刀 制品 手工具 手工具 刀 剪 金属 工具 剪刀 剪刀 剪刀 剪刀 缝纫 剪刀 刀片 刀 厨房 刀 折叠式刀 野营刀 刀 用刀 屠宰场 利口器 屠宰刀 骨刀 肉刀 金属 刀 零部件 刀具 刀片 金属 刀柄 刀具 手工具 剪刀 削发器 剃须刀 剃须 刀片 手工具 指甲 剪刀 指甲钳 指甲 用具 用具
1080411 [金属制品]  金属 丝 铁丝 钢丝 铜丝 铝丝 铅丝 锌丝 镍丝 锡丝 钛丝 镁丝 金丝 丝 钨丝 钼丝 铂 丝 钯丝 铑丝 铱丝 钌丝 金属丝
1080412 [金属制品]  金属 制绳 缆指 金属 制绳 缆 裸电线
1080413 [金属制品]  金属 丝绳 制品 金属 丝制 布 网 篱 钢铁 丝制品 钢铁 丝 环形 不锈钢制 机器 环形带 钢丝布 不锈钢制 机织布 锌钢 丝布 钢铁 丝网 交点 钢丝网 锌 钢丝网 钢丝网 钢铁 丝篱 交点 钢丝篱 锌 钢丝篱 钢丝篱 网眼 钢铁板 钢铁 刺钢 铁丝 围篱 钢铁 绞带 围篱 钢铁 单股 扁丝 钢铁 松绞丝 铜丝 制品 铜丝 工业 铜丝 铜丝 铜丝制网 工业 铜丝制网 铜丝制网 铜丝制 格栅 工业 铜丝制 格栅 铜丝制 格栅 铜丝制网 眼 铜板 工业 铜丝制网 眼 铜板 铜丝制网 眼 铜板 铝丝 制品 铝丝 工业 铝丝布 铝丝布 铝丝制 格栅 工业 铝丝格栅 铝丝格栅 镍丝 制品 镍丝布 镍制 格栅 镍制网 工业 镍格栅 工业 镍网 镍格栅 镍网 网眼 镍板 锌丝 制品 锌丝 锌丝制网 锌丝制篱 锌丝制网 眼 锌板
1080414 [金属制品]  金属 紧固件 金属 钉 金属制 螺钉 螺栓 螺母 铆钉 圈
1080415 [金属制品]  弹簧 钢铁制 弹簧 铜弹簧
1080418 [金属制品]  散热器 零件 散热器 暖气片 散热器 铁制 散热器 钢铁制 散热器 散热器 零件 暖气 分布器 暖气 分布器 空气 加热器 暖气 分布器 零件
1080419 [金属制品]  金属 制品 保险箱 柜 库门 钱箱 文件 档案柜 金属制 安全帽 金属 制品
109 [机械设备]  机械 设备 类 产品
10901 [通用设备]  设备
1090101 [锅炉及辅助设备]  锅炉 设备 锅炉 锅炉 设备 锅炉 设备 零件 核反应堆 零件
1090102 [发动机]  发动机 汽车 发动机 航空器 发动机 船舶 发动机 摩托车 发动机 发动机 零部件 发动机
1090103 [汽轮燃气轮水轮机]  汽轮机 燃气轮机 水轮机
1090104 [非电力相关原动机]  电力 原动机 潮汐 能源 原动机 风力 水 机组 风力 发动机 风车 太阳 能源 原动机 电力 原动机
1090105 [机床]  金属 机床 金属 机床 数控 机床
1090106 [机床]  金属 成形 机床指 粉末 方式 金属 机床 丝 方式 金属 机床 类 类别 数控 机床
1090107 [机床]  金属 成形 机械 本类 类别 数控 产品
1090108 [机床]  数控 机床 机械 中心 数控 金属 机床 数控 金属 成形 机床 数控 设备 机床 数控 系统
1090110 [焊接设备]  设备 工艺 装备 电焊机 气体 机械 机械 设备 零件 电焊机 电弧 焊接机 焊接机 电阻 焊接机 电子束 焊接机 激光 焊接机 焊接机 焊接机 金属 感应 焊接机 热塑性 材料 焊接机 气体 机械 气焊机 喷焊器 高压 喷焊器 低压 喷焊器 表面 火机 机械 钎焊机 钎焊烙铁 焊枪 设备 零件 气体 机械 零件 电焊机 零件 钎焊机 零件
1090111 [小型起重设备]  设备 结构 动作 范围 点 线 场合 重物 设备 器具 车 葫芦 葫芦 卷扬机 顶 汽车 举升机 小车 设备
1090112 [起重机]  起重机 机构 吊钩 取物 装置 重物 空间 水平 周期性 机械
1090113 [工业车辆]  工业 车辆 工业 企业 短距离 车辆
1090114 [搬运设备]  设备 方向 线路 间歇 物料 物品 设备 机械 机械 给料 机械 产品
1090115 [搬运设备]  电梯 扶梯 升降机 建筑物 工程 导轨 斜面 水平 乘客 货物 机械 设备
1090116 [搬运设备]  仓库 设备 物料 设备
1090117 [泵]  液体 提升机
1090119 [阀门龙头]  阀门 龙头
1090120 [液压元件]  液压 元件 系统 装置 液体 介质 能量 元件 系统 装置
1090121 [气动元件]  气动元件 系统 装置 空气 介质 能量 元件 系统 装置
1090122 [真空应用设备]  真空 设备
1090123 [轴承]  轴承 零件
1090124 [齿轮]  齿轮 传动轴 部件
1090126 [窑炉电炉]  窑炉 熔炉 电炉
1090127 [风机风扇]  风机 风扇 设备
1090128 [通用设备]  气体 设备
1090129 [通用设备]  温度 机械
1090130 [通用设备]  液体 气体 机械
1090131 [制冷空调设备]  工商 空调 设备
1090132 [风动电动工具]  工具
1090133 [喷枪]  喷枪 器具 油漆 涂料 油 塑料 水泥 金属粉 纺织 纤维 粉末 空气流 蒸汽流 建筑 雕塑 石料 器具
1090134 [包装设备]  包装 设备
1090135 [衡器]  衡器 秤 秤体 承载器 传力 机构 显示器 部分 整体 衡器 衡器 部件
1090136 [金属铸件]  金属 铸件 有色金属 铸件
1090137 [锻件]  锻件 粉末 冶金件
10902 [专用设备]  设备 产业 产品 物质 形态 机械 设备 配套件
1090201 [矿山专用设备]  矿山 设备 固体 矿物 石料 机械 设备 设备
1090202 [石油开采设备]  石油 设备 石油 天然气 设备
1090203 [建筑工程机械]  建筑 工程 机械 推土机 筑路机 平地机 铲运机 工程 机械
1090204 [建筑工程机械]  材料 制品 机械
1090205 [玻璃陶瓷设备]  玻璃 陶瓷 制品 设备
1090206 [冶金专用设备]  冶金 设备 钢铁 有色金属 金属 锭坯 轧制 钢材 有色金属 材料 机械 设备 设备
1090207 [炼化专用设备]  化工 设备 设备 设备 化工 设备 机械 工业 动力 设备 电子 计算机 机械手 工业 机器人
1090208 [橡胶加工设备]  橡胶 设备 橡胶 橡胶 制品 设备
1090209 [塑料加工设备]  塑料 设备
1090210 [木材加工机械]  木材 机械
1090211 [模具]  模具
1090214 [食品制造机械]  食品 机械 糕点 米面 食品 糖果 巧克力 食品 类 机械
1090215 [食品制造机械]  乳品 机械 乳品 机械
1090216 [食品制造机械]  饮料 机械
1090217 [烟草及盐加工机械]  烟草 盐 机械
1090218 [农产品加工设备]  农产品 设备
1090219 [饲料生产设备]  饲料 设备 饲料 粉碎机 饲料 设备 饲料 机械 饲料 设备
1090220 [食品制造机械]  食品 饮料 烟草 设备 零件
1090221 [造纸专用设备]  设备
1090222 [印刷专用设备]  设备
1090223 [信息化学品设备]  信息 化学品 设备
1090224 [制药专用设备]  设备
1090225 [照明器具生产设备]  照明 器具 设备
1090226 [日化专用设备]  化工 设备
1090227 [其他日用品生产设备]  搪瓷 制品 日用品 设备
1090228 [纺织专用设备]  纺织 设备
1090229 [皮革专用设备]  皮革 毛皮 制品 设备 皮革 毛皮 工艺 环节 制品 设备 皮革 设备 毛皮 设备 皮革 制品 设备 毛皮 制品 设备
1090230 [服装加工机械]  服装 鞋帽 机械 服装 机械 鞋帽 机械
1090231 [电工机械设备]  电工 机械 设备 指电机 电线 电缆 电站 电工 机械 器材 设备 电工 机械 设备
109023101 [电工机械设备]  电机 变压器 机械 铁芯 设备 电机 定子 铁芯 迭压机 子 铁芯 卷迭机 铁芯 叠压机 装机 铁芯 设备 。电机 机械 变压器 机械 铁芯 设备 电机 定子 铁芯 迭压机 子 铁芯 卷迭机 铁芯 叠压机 铁芯 装机
1090232 [电子工业设备]  电子 工业 设备 半导体 器件 集成电路 电子元件 电 真空 器件 设备 电子 设备 整机 设备 电子 工业 设备
1090233 [金属处理机械]  金属 机械
1090235 [农用车]  拖拉机 挂车 拖拉机 挂车
1090236 [农业机械]  农业 园艺 机具 农业 机具 园艺 机具
109023608 [农业机械]  机械 设备 草坪 果园 喷水器 喷雾器 水泵 机械 设备
1090237 [农业机械]  木竹 机械 机械 木竹 机械
1090238 [农业机械]  畜牧 机械
1090239 [农业机械]  渔业 机械
1090240 [农业机械]  农产品 机械 农产品 机械
1090242 [医疗仪器器械]  医疗 仪器 设备 器械
1090243 [医疗仪器器械]  口腔 设备 器具
1090244 [医疗仪器器械]  设备 实验室 设备 器具
1090245 [医疗仪器器械]  医疗 外科 兽医 器械
1090246 [医疗仪器器械]  机械 病房 设备
1090247 [医疗仪器器械]  假肢 器官 介 器械 假肢 矫型器
1090248 [医疗仪器器械]  医疗 外科 牙科 兽医 家具
1090249 [污染防治设备]  环境 设备
1090250 [地质勘查设备]  地质 设备
1090251 [邮政专用机械]  邮政 机械 器材 邮政 设备
1090252 [商用设备]  商业 饮食 设备 设备
1090253 [公共安全设备]  社会 设备 器材
1090254 [交通管制设备]  交通 设备
1090255 [水资源专用机械]  水资源 机械
1090256 [机器人]  机器人 功能 机械 工业 机器人 机械式 装置 机械手 功能 机械
10903 [交通运输设备]  交通 设备
1090301 [交通运输设备]  铁道 电车道 机车 车辆 动车组
1090305 [交通运输设备]  汽车 汽车 整车
109030501 [机动车]  乘用车 客车 乘用车 基本型 乘用车 功能 乘用车 运动型 用途 乘用车 交叉型 乘用车
109030502 [机动车]  客车 客车 客车
1090306 [机动车]  汽车
1090307 [机动车]  汽车
1090308 [交通运输设备]  汽车 车身 挂车 汽车 车身 车 车 车 半挂车 零件 汽车 车身 车
1090310 [交通运输设备]  机动车 零部件 配件
109031001 [交通运输设备]  机动车 汽车 零配件 汽车 整体 单元 汽车 产品 机动车 机械 零件 部件 零件 部件 机动车 零配件
109031002 [交通运输设备]  汽车 底盘 车架 车身 零配件
1090312 [机动车]  摩托车 整车
1090314 [交通运输设备]  自行车 零件 自行车
1090318 [交通运输设备]  金属 船舶 游艇 金属 船舶
1090321 [交通运输设备]  船 设备 船 甲板 机械 系统 设备 设备 设备 船 设备 零件 船 设备
1090323 [交通运输设备]  航标 器材 装置
1090324 [交通运输设备]  航空器 零件
109032401 [交通运输设备]  飞机 直升机 飞机 直升机 飞机
1090325 [交通运输设备]  航天器 工具 零件
109032501 [交通运输设备]  航天器 工具 空间 飞行器 飞行器 天 体力学 规律 天体 任务 飞行器 载荷 地面 位置 轨道 位置 地面 位置 工具 运载器 运载器 航天器 航天器 工具 空间 飞行器 飞行器
1090326 [交通运输设备]  装备
1090327 [交通运输设备]  交通 金属 标志 设施
1090328 [交通运输设备]  机械 车辆
10904 [电气机械]  电气 机械 器材
1090401 [发电机]  发电机 发电机 发电机 发电机组 发电机
1090402 [发电机组]  发电机组 发电机组 变流机
1090403 [电动机]  电动机 数控 机床 电动机 电动机
1090404 [变压器整流器]  变压器 整流器 电感器 变压器 互感器 变流器 电抗器 电感器 变压器 整流器 电感器 零件 变压器 整流器 电感器 变压器 变压器 电源 变压器 电源 变压器
1090405 [电力电容器]  电力 电容器 设备
1090406 [高压开关设备]  高压 开关 设备 电器 六氟化硫 断路器 电器 开关 开关 高压 开关 设备
1090407 [配电控制设备]  电器 设备
1090408 [电力电子元器件]  电力 电子 元器件
1090409 [电线电缆]  电线 电缆 电 磁 信息 电磁能 线材 产品 广义 电线 电缆 电缆 电缆 电缆 部分 集合体 线芯 包覆层 保护层 护层 电缆 导体 电 磁 信息 电磁能 线材 产品 电线 电缆 线缆
1090410 [光纤光缆]  光纤 光缆 塑料 光纤 单模 光纤 模光纤 光纤 光缆 光缆 光纤 光缆
1090411 [绝缘制品]  制品
1090412 [内燃机电器材]  内燃机 电 装置 电工 器材 内燃机 电 装置 发电机 断流器
1090413 [电池]  电池 零部件 电解质 溶液 金属 电极 电流 杯 槽 容器 容器 空间 化学 电能 装置 正极 负极 分 零部件
109041301 [原电池]  电池 电池组 电池 电池 电极 物质 电池 锌 电池 锂 电池 电池 电池 电池组
109041302 [蓄电池]  蓄电池 蓄电池
1090414 [家用制冷器具]  电器 用途 电器 冷冻箱 冷藏箱 冷冻箱 器具 工商 空调 设备 电器
1090415 [空调]  空气 调节器
1090416 [家用通风电器具]  电器 家用电风扇 油烟机 电热 干手器 排气扇 电器
1090417 [家用厨房电器具]  厨房 电器 器具 器具 家用水 饮料 器具 食品 器具 厨房 电 器具 饮水 电 装置 饮水电 装置 厨房 电器
1090418 [家用清洁电器具]  电器 洗衣机 干衣机 脱水机 电热水器 家用电 器具 电器
1090419 [家用美容保健电器]  保健 电器 用途 保健 电器具 家用理 器具 器具 脱毛器 电 美容仪 牙刷 按摩器 保健 电器
1090420 [家用电热电力器]  电力 器具 产品 器具 器具 电力 器具 产品
1090421 [家用电器配件]  电力 器具 配件 空调 设备 零件 电冰箱 配件 洗衣机 配件 工具 零件 电热器具 零件 器具 零件 装置 零件 装置 零件 电力 器具 配件
1090422 [非电力家用器具]  电力 器具 燃气 用具 沼气 用具 太阳能 用具 液体 燃料 器具 固体 燃料 器具 铜制 器具 电力 器具 零件
1090423 [电光源]  电 光源 白炽 灯泡 荧光灯 冷阴 荧光灯 卤钨灯 强度 气体 电灯 灯 闪光 灯源 电 光源
1090424 [照明装置]  灯具 照明 装置 照明 灯具 灯具 装置 用灯 用途 灯具 照明 装置 标志 铭牌 品 电气 灯具 照明 装置 电气 灯具 照明 装置 能源 灯具 灯 电器 附件 电 光源 灯具 照明 装置 零件
1090425 [车辆照明信号装置]  车辆 照明 信号 装置 车辆 电气 照明 装置 车辆 视觉 信号 装置 自行车 照明 视觉 音响 信号 装置 车辆 电气 音响 信号 装置 电气 音响 视觉 信号 装置 车辆 照明
1090426 [其他电气设备]  功能 电气 设备 装置 粒子 加速器 信号 发生器 电气 装置 电气 空间 器具 装置 电篱网 激发器 紫外线 辐照 设备 功能 电气 设备 装置
10905 [通信设备计算机]  设备 计算机 电子 设备 设备 设备 终端 设备 设备 终端 设备 零部件 设备 雷达 无线电 无线电 设备 电视 设备 电子 计算机 部件 计算机 网络 设备 电子 计算机 设备 装置 电子 计算机 产品 耗材 信息 系统 产品 真空 零件 半导体 器件 光电子器件 激光 器件 集成电路 微电子 组件 电子元件 元件 传感器 电路板 家用音 视频 设备 电子 设备
1090501 [通信传输设备]  设备 光通信 设备 卫星 设备 微波通信 设备 设备 设备 设备 设备 零件
1090502 [通信交换设备]  设备 交换机 交换机 光 交换机 设备 零件 设备
1090503 [通信终端设备]  终端 设备 电台 电话 单机 数据 终端 设备 终端 设备 零件
1090504 [移动通信设备]  设备 数字 蜂窝 电话 系统 设备 系统 设备 中心 系统 设备 设备 零件
1090505 [移动通信设备]  终端 设备 零部件 手持机 手机 终端 设备 零件 终端 设备
1090506 [通信接入设备]  设备 光纤 设备 铜缆 设备 电力线 宽带 设备 设备
1090507 [导航遥控设备]  雷达 无线电 无线电 设备 雷达 设备 无线电 设备 无线电 设备 雷达 无线电 设备 零件
1090508 [广播电视设备]  电视 设备 电视 节目 设备 电视 设备 电视 设备 电视 设备 配件
1090509 [电子计算机]  电子 计算机 部件 电子 计算机 整机 计算机 部件
1090510 [计算机网络设备]  计算机 网络 设备 网络 设备 网络 接口 适配器 网络 设备 网络 设备 网络 设备 计算机 网络 设备 计算机 部件
1090511 [计算机外部设备]  电子 计算机 设备 装置 终端 设备 设备 装置 设备 装置 设备 部件 阅读机 数据 机械
1090512 [计算机配套产品]  电子 计算机 产品 耗材 微机 板卡 计算机 电源 电子 计算机 产品 耗材
1090513 [信息安全产品]  信息 系统 产品 类 设备 边界 类 设备 数据 类 设备 类 设备 智能 卡类 设备 类 设备 信息 系统 设备
1090514 [真空电子器件]  真空 零件 电子管 电子 束管 射线 真空 开关管 真空 零件 真空
1090515 [半导体]  半导体 器件 半导体 半导体 三极管 信号 晶体管 功率 晶体管 半导体 器件 半导体 分立器件
1090516 [光电子器件]  激光 器件 电子 电器件 电 真空 光电子器件 半导体 器件 激光 器件
1090519 [电子元件]  电子 元件 电容器 电阻器 电阻 网络 电位器 频率 元器件 磁性 材料 元件 电声 器件 元器件 电子元件 组件 零件 电子元件 电容器 电阻器 电阻 网络 电位器 频率 元器件 磁性 材料 元件 电声 器件 元器件 电子元件 组件 零件
1090522 [家用音视频设备]  家用音 视频 设备 视频 设备 设备 音响 设备 汽车 音响 设备 家用音 视频 设备 配件 家用音 视频 设备
10906 [仪器仪表办公用机械]  仪器 仪表 文化 机械
1090601 [工业自动控制仪表系统]  工业 仪表 系统 工业 产品 过程 系统 仪表 装置 数控 机床
1090602 [工业仪表]  工业 仪表指 工业 产品 过程 流量 压力 物位 温度 比重 湿度 变化量 仪表 装置 仪表
1090603 [电工仪器仪表]  电工 仪器 仪表 电压 电流 电阻 功率 仪器 装置
1090604 [绘图测量仪器]  仪器指 用具 器具 量仪
1090605 [分析仪器]  仪器 装置 物质 成分 微观 结构 粘度 密度 浊度 比重 值 仪器 装置
1090606 [试验检测机械]  机械 仪器
1090607 [环境监测仪器]  环境 仪器 仪表
1090608 [汽车仪表]  汽车 仪表 计数 仪表
1090609 [导航仪器]  仪器 装置
1090610 [大地测量仪器]  大地 仪器 大地 地形 水准 仪器 装置
1090611 [气象水文仪器]  气象 水文 仪器 装置
1090612 [农用仪器仪表]  仪器 仪表
1090613 [地质地震专用仪器]  地质 地震 仪器 地质 地震 地球 物理 仪器 仪表 装置
1090614 [教学专用仪器]  仪器 学校 教室 展览会 用途 仪器 装置 模型
1090615 [核辐射测量仪器]  核子 核辐射 仪器
1090616 [光电测量仪器]  光学 电子 仪器
1090617 [纺织仪器]  纺织 仪器 仪器
1090618 [钟表]  钟表 仪器
1090619 [光学仪器]  光学 仪器 零件 附件
1090620 [眼镜类产品]  眼镜 类 产品 零部件 眼镜盒
1090621 [电影机械]  电影 机械
1090622 [照相器材]  照相机 器材
1090623 [照相器材]  电影 设备
1090624 [影像投影仪]  影像 投影仪 学校 课室 幻灯机 影像 投影仪
1090625 [复印胶版印制设备]  胶版 设备
1090626 [计算器货币专用设备]  计算器 货币 设备 金融 商业 交通 电子 计算器 功能 数据 机器 货币 设备 机械
109062601 [计算器货币专用设备]  电子 装置 设备 电子 计算器 会计 计算机 现金 出纳机 机 售票机 税控机 条码 打印机 电子 装置 设备
1090627 [文化办公用设备]  文化 设备 器具 文件 折页 文件 办公室 机械 设备
110 [电力热力水燃气]  电力 热力 水 燃气类 产品
11001 [电力热力冷气]  电力 热力 冷气
1100101 [发电及供电] 
110010101 [发电]  核能 太阳能 风力 潮汐 沼气 地热 垃圾 竹木 生物质 燃料
110010102 [供电] 
1100102 [热力]  热力 热电站 企业 电站 锅炉房 供热力
110010201 [热力]  热力 热源 热水 蒸汽 工业 锅炉 热电站 企业 电站 热水 蒸汽 单位 热水 蒸汽 热力
110010202 [供热]  热电厂 热力 公司 标准 锅炉 房 城市 蒸汽 热水量
11002 [燃气]  燃气
1100201 [燃气]  煤气 煤气 水 煤气 炉 煤气 气体
1100202 [燃气]  燃气 燃气
11003 [水冰雪]  水 冰 雪
1100301 [水冰雪]  水
1100302 [水冰雪]  冰雪 冰 冰雪
2 [劳务]  劳务
201 [劳务]  劳务 货物 委托方 原料 材料 受托方 委托方 要求 货物 加工费 业务 稀土 产品 劳务 垃圾 污泥 劳务 污水 劳务 工业 废气 劳务 劳务
3 [销售服务] 
301 [运输服务]  交通 工具 货物 旅客 目的地 空间 位置 业务 交通
30101 [运输服务]  陆路 陆路 货物 旅客 业务 陆路
3010101 [运输服务]  陆路 旅客 陆路 旅客 业务 陆路 旅客
301010101 [运输服务]  铁路 旅客 铁路 旅客 业务 铁路 旅客
301010102 [运输服务]  道路 旅客 道路 旅客
30101010201 [运输服务]  公路 旅客 城市 道路 旅客 业务 公路 旅客
3010101020101 [运输服务]  旅客 汽车 旅客 业务 旅客
30101010202 [运输服务]  城市 旅客 交通 城市 道路 旅客 业务 城市 旅客 交通
3010102 [运输服务]  货物 陆路 货物 业务 货物
301010201 [运输服务]  铁路 货物 铁路 货物 业务 铁路 货物
301010202 [运输服务]  道路 货物 道路 货物 道路 货物
301010299 [运输服务]  陆路 货物
30102 [运输服务]  水路 江 河 湖 人工水道 海洋 航道 货物 旅客 业务 水路
3010201 [运输服务]  水路 旅客 江 河 湖 人工水道 海洋 航道 旅客 业务 水路 旅客
3010202 [运输服务]  水路 货物 江 河 湖 人工水道 海洋 航道 货物 业务 水路 货物
3010203 [运输服务]  水路 运输期 业务 企业 船 人 航次 任务 租赁费 业务 期租
3010204 [运输服务]  水路 程租 业务 企业 人员 船舶 期限 承租方 天 承租方 租赁费 费用 船东 业务 水路 程租
30103 [运输服务]  航空 空天 航线 货物 旅客 业务 航空
3010301 [运输服务]  航空 航线 货物 旅客 业务 航空
301030101 [运输服务]  航空 旅客 航线 旅客 业务 航空 旅客
301030102 [运输服务]  航空 货物 航线 货物 业务 航空 货物
301030103 [运输服务]  航空 湿租 业务 航空 企业 机组 人员 飞机 期限 承租方 标准 承租方 租赁费 费用 承租方 业务 航空 湿租
30104 [运输服务]  管道 管道 设施 气体 液体 固体 物质 业务 管道
3010401 [运输服务]  液体 管道 管道 设施 液体 物质 原油 成品油 水 业务 液体 管道
3010402 [运输服务]  气体 管道 管道 设施 气体 物质 天然气 煤气 蒸气 业务 气体 管道
3010403 [运输服务]  固体 管道 管道 设施 固体 物质 粉末 业务 固体 管道
3010499 [运输服务]  管道
30105 [运输服务]  工具 业务 经营者 承运人 身份 托运人 合同 运费 承运人 责任 承运人 工具
3010502 [运输服务]  工具 陆路 业务 经营者 承运人 身份 托运人 陆路 合同 运费 承运人 责任 承运人 工具 陆路
301050201 [运输服务]  工具 铁路 经营者 承运人 身份 托运人 铁路 合同 运费 承运人 责任 承运人 工具 铁路
301050202 [运输服务]  工具 道路 经营者 承运人 身份 托运人 道路 合同 运费 承运人 责任 承运人 工具 道路
3010503 [运输服务]  工具 水路 经营者 承运人 身份 托运人 水路 合同 运费 承运人 责任 承运人 工具 水路
3010504 [运输服务]  工具 航空 经营者 承运人 身份 托运人 航空 合同 运费 承运人 责任 承运人 工具 航空
3010506 [运输服务]  工具 经营者 承运人 身份 托运人 合同 运费 承运人 责任 承运人 工具 工具
3010599 [运输服务]  工具 业务 工具
30106 [运输服务]  工具 旅客 货物 业务
30199 [运输服务] 
302 [邮政服务]  邮政 邮政 集团公司 邮政 企业 邮件 邮政 邮政 业务 邮政 邮政
30201 [邮政服务]  邮政 函件 包裹 邮件 邮票 报刊 邮政 业务
3020101 [邮政服务]  邮件 函件 包裹 邮件 业务 邮件
30203 [邮政服务]  邮政 邮册 邮品 邮政 业务
303 [电信服务]  电信 电磁 系统 系统 网络 资源 语音 图像 短信 电子 数据 信息 业务 基础 电信 电信 电信
30301 [电信服务]  基础 电信 固网 移动网 卫星 互联网 语音 业务 波长 网络 元素 业务 基础 电信
30302 [电信服务]  电信 固网 移动网 卫星 互联网 电视 网络 短信 彩信 电子 数据 信息 互联网 业务 电信
304 [现代服务]  制造业 文化 产业 物流 产业 技术性 知识性 业务
30401 [研发和技术服务]  技术 技术 合同 能源 工程 技术
3040104 [研发和技术服务]  工程 工程 地形 地质 资源 情况 业务
304010402 [研发和技术服务]  地质 岩石 地层 矿产 地下水 地貌 地质 情况 地质
30402 [信息技术服务]  信息 技术 计算机 网络 技术 信息 信息 业务 软件 电路 信息 系统 业务 流程 信息 系统 信息 技术
3040201 [信息技术服务]  软件 软件 软件 软件 业务 软件
3040202 [信息技术服务]  电路 集成电路 电子 电路 产品 技术 业务 行为 电路 电路
30403 [文化创意服务]  文化 创意 知识 产权 广告 会议 文化 创意
3040301 [设计服务]  计划 规划 文字 语言 图画 声音 视觉 形式 业务 工业 业务 供应链 造型 服装 环境 平面 网站 机械 工程 广告 创意 文印 图
3040303 [广告服务]  广告 图书 报纸 杂志 电视 电影 幻灯 路牌 招贴 橱窗 霓虹灯 灯箱 互联网 形式 客户 商品 项目 文体 节目 通告 声明 事项 业务 广告 广告 广告
304030301 [广告服务]  广告 广告 广告
3040304 [会展服务]  会议 民间 企业 国际 会议 业务 会议 会展
30404 [物流辅助服务]  物流 航空 港口 码头 货运 客运 场站 物流
3040401 [物流辅助服务]  航空 航空 地面 航空
304040101 [物流辅助服务]  航空 地面 航空 公司 飞机场 民航 管理局 机场 飞机 飞行器 导航 劳务性 地面 业务 旅客 停机坪 机场 候机厅 飞机 飞机 通讯 地面 信号 飞机 飞机 跑道 交通 航空 地面
304040102 [物流辅助服务]  航空 专业 业务 航空 航空 航空 航空 航空 航空 吊挂 航空 航空
3040402 [物流辅助服务]  港口 码头 港务 船舶 船舶 通讯 航道 航道 灯塔 航标 船舶 货 船舶 油 交通 船只 专业 船只 船只 业务 港口 码头
3040403 [物流辅助服务]  货运 客运 场站 货运 客运 场站 货物 组织 车辆 票务 货物 铁路 线路 铁路 客车 铁路 专列 铁路 铁路 车辆 车辆 铁路 接触网 铁路 机车 车辆 业务 货运 客运 场站
3040407 [物流辅助服务]  仓库 货场 场所 客贮 货物 业务
3040409 [物流辅助服务]  寄件人 时限 函件 包裹 收件 业务 收派
30405 [租赁服务]  经营性
3040501 [融资租赁]  性质 所有权 特点 出租人 承租人 规格 型号 性能 条件 形动产 不动产 承租人 合同期 租赁物 所有权 出租人 承租人 使用权 合同 租金 承租人 权 残值 租赁物 所有权 出租人 租赁物 承租人 直租
3040502 [经营租赁]  时间 形动产 不动产 租赁物 所有权 业务 建筑物 构筑物 不动产 飞机 车辆 形动产 广告 位 单位 个人 广告 经营性
304050201 [经营租赁]  动产 时间 物品 设备 动产 租赁物 所有权 业务
304050202 [经营租赁]  不动产 时间 不动产 租赁物 所有权 业务 车辆 道路 过路费 过桥费 过闸费
30405020201 [经营租赁]  住宅 住宅 住房
30405020203 [经营租赁]  道路 过路费 过桥费 过闸费
30405020299 [经营租赁]  不动产
30406 [鉴证咨询服务]  鉴证 鉴证 鉴证
3040602 [鉴证咨询服务]  鉴证 专业 资质 单位 事项 鉴证 证明力 意见 业务 会计 鉴证 税务 法律 鉴证 职业 技能 工程 造价 鉴证 工程 资产 环境 土地 图纸 医疗 事故 鉴证
30407 [广播影视服务]  节目 作品
3040701 [广播影视服务]  节目 作品 指 专题 节目 专栏 综艺 体育 动画片 广播剧 电视剧 电影 节目 作品 节目 作品 录音 音 视频 文字 图片 素材 场景 剪辑 字幕 片头 片尾 片花 特效 影片 编目 确权 业务 节目 作品
3040702 [广播影视服务]  节目 作品 账 方式 影院 电台 电视台 网站 单位 个人 节目 作品 体育 赛事 报道 播映权 业务 节目
3040703 [广播影视服务]  节目 作品 影院 剧院 录像厅 场所 节目 作品 电台 电视台 卫星 互联网 有线电视 装置 节目 作品 业务 节目
304070303 [广播影视服务]  电影 影院 剧院 录像厅 场所 电影 节目 作品 业务 互联网 电影 电影
30408 [商务辅助服务]  商务 企业 社团 人力 资源 道路
3040801 [企业管理服务]  企业 总部 资产 市场 物业 业务 总部 资产 市场 物业
3040802 [经纪代理服务]  经纪 经纪 中介 金融 知识 产权 货物 法律 中介 职业 中介 婚姻 中介 金融 知识 产权 货物 法律 中介 职业 中介 婚姻 中介
304080201 [经纪代理服务]  货物 货物 收货人 人 船舶 人 船舶 承租人 船舶 人 委托人 名义 委托人 货物 船舶 港口 泊 手续 业务 货物 货代
3040803 [人力资源服务]  人力 资源 劳务 人才 劳动力 外包 业务 劳务 人才 劳动力 外包
305 [建筑服务]  建筑 建筑物 构筑物 设施 装饰 线路 管道 设备 设施 工程 作业 业务
306 [金融服务]  金融 金融 保险 业务 金融 保险 金融 商品 金融
30601 [金融服务]  贷款 资金 利息 收入 业务 资金 收入 金融 商品 利息 收益 报酬 资金 占用费 补偿金 收入 信用卡 利息 收入 金融 商品 利息 收入 融券 利息 收入 融资性 罚息 票据 业务 利息 利息 性质 收入 贷款
3060109 [金融服务]  融资性 承租方 目的 资产 业务 企业 资产 业务 融资性
3060110 [金融服务]  客户 贷款 企业 个人 客户 贷款 票据 业务 编码 贷款 项目 客户
30603 [金融服务]  保险 投保人 合同 保险人 保险费 保险人 合同 事故 财产 损失 保险金 责任 被保险人 疾病 合同 年龄 期限 条件 时 保险金 责任 商业 保险 行为 人身 财产 保险
3060301 [保险服务]  人身 保险 人 寿命 身体 保险 标的 业务 人身 保险 寿险 医疗 保险
3060302 [保险服务]  财产 保险 财产 利益 保险 标的 业务 财产 保险
30604 [金融服务]  金融 商品 指 外汇 货物 期货 金融 商品 所有权 业务 金融 商品
307 [生活服务]  城乡 居民 需求 文化 体育 医疗 娱乐 餐饮 居民
30701 [生活服务]  文化 体育 文化 体育
30702 [生活服务]  医疗 医疗
3070201 [生活服务]  学历 学历 业务
30703 [生活服务]  娱乐
30704 [生活服务]  餐饮 餐饮
30705 [生活服务]  居民 指 居民 个人 家庭 需求 市容 市政 家政 婚庆 救济 桑拿 氧 居民
4 [无形资产]  资产
401 [无形资产]  技术 专利 技术 技术
405 [无形资产]  使用权 土地 使用权 海域 使用权 探矿权 采矿权 取水权 使用权
40501 [无形资产]  土地 使用权 土地 使用权
5 [不动产]  不动产 性质 形状 财产 建筑物 构筑物
501 [不动产]  建筑物 住宅 商业 房 办公楼 建造物
50101 [不动产]  住宅 住宅 公寓 别墅 建筑物 住宅 住房 公寓 别墅
50102 [不动产]  商业 用房 店铺 商业 楼宇 写字楼 饭店 旅店 中心 电影院 中心 设施 中心 房 写字楼 店铺 饭店 旅店 中心
6 [不征税项目]  行为 项目 纳税人 款项 货物 资产 不动产 情形
